[16.09.2026 08:41:23] <SISTEM> Alice s-a alăturat camerei.
[16.09.2026 08:41:23] <SISTEM> Alice a părăsit camera.
[16.09.2026 08:41:23] <SISTEM> Alice s-a alăturat camerei.
[16.09.2026 08:41:24] <Alice> Mesaj secret în Camera_Studiu
[16.09.2026 08:41:24] <SISTEM> Bob s-a alăturat camerei.
[16.09.2026 08:41:24] <SISTEM> Alice a părăsit camera.
[16.09.2026 08:41:24] <SISTEM> Bob a părăsit camera.
[16.09.2026 08:44:06] <SISTEM> Alice s-a alăturat camerei.
[16.09.2026 08:44:06] <SISTEM> Alice a părăsit camera.
[16.09.2026 08:44:06] <SISTEM> Alice s-a alăturat camerei.
[16.09.2026 08:44:07] <Alice> Mesaj secret în Camera_Studiu
[16.09.2026 08:44:07] <SISTEM> Bob s-a alăturat camerei.
[16.09.2026 08:44:07] <SISTEM> Alice a părăsit camera.
[16.09.2026 08:44:42] <SISTEM> Alice s-a alăturat camerei.
[16.09.2026 08:44:42] <SISTEM> Alice a părăsit camera.
[16.09.2026 08:44:42] <SISTEM> Alice s-a alăturat camerei.
[16.09.2026 08:44:42] <Alice> Mesaj secret în Camera_Studiu
[16.09.2026 08:44:43] <SISTEM> Bob s-a alăturat camerei.
[16.09.2026 08:44:43] <SISTEM> Alice a părăsit camera.
[16.09.2026 08:44:52] <SISTEM> Alice s-a alăturat camerei.
[16.09.2026 08:44:52] <SISTEM> Alice a părăsit camera.
[16.09.2026 08:44:52] <SISTEM> Alice s-a alăturat camerei.
[16.09.2026 08:44:53] <Alice> Mesaj secret în Camera_Studiu
[16.09.2026 08:44:53] <SISTEM> Bob s-a alăturat camerei.
[16.09.2026 08:44:53] <SISTEM> Alice a părăsit camera.
[16.09.2026 08:44:53] <SISTEM> Bob a părăsit camera.
