[16.09.2026 08:41:23] <SISTEM> Bob s-a alăturat camerei.
[16.09.2026 08:41:23] <SISTEM> Alice s-a alăturat camerei.
[16.09.2026 08:41:23] <Alice> Salut Bob! Acesta este un test.
[16.09.2026 08:41:23] <Bob> [Răspuns către @Alice: "Salut Bob! Acesta este un test."] Salut Alice! Răspund la mesajul tău.
[16.09.2026 08:41:23] <Alice> [FIȘIER: test_upload_17567666380489866333.txt (73 B)]
[16.09.2026 08:41:23] <SISTEM> Alice a părăsit camera.
[16.09.2026 08:41:24] <SISTEM> Bob a părăsit camera.
[16.09.2026 08:44:06] <SISTEM> Alice s-a alăturat camerei.
[16.09.2026 08:44:06] <SISTEM> Bob s-a alăturat camerei.
[16.09.2026 08:44:06] <Alice> Salut Bob! Acesta este un test.
[16.09.2026 08:44:06] <Bob> [Răspuns către @Alice: "Salut Bob! Acesta este un test."] Salut Alice! Răspund la mesajul tău.
[16.09.2026 08:44:06] <Alice> [FIȘIER: test_upload_15055596487812046817.txt (73 B)]
[16.09.2026 08:44:06] <SISTEM> Alice a părăsit camera.
[16.09.2026 08:44:07] <SISTEM> Bob a părăsit camera.
[16.09.2026 08:44:42] <SISTEM> Bob s-a alăturat camerei.
[16.09.2026 08:44:42] <SISTEM> Alice s-a alăturat camerei.
[16.09.2026 08:44:42] <Alice> Salut Bob! Acesta este un test.
[16.09.2026 08:44:42] <Bob> [Răspuns către @Alice: "Salut Bob! Acesta este un test."] Salut Alice! Răspund la mesajul tău.
[16.09.2026 08:44:42] <Alice> [FIȘIER: test_upload_658761749466368841.txt (73 B)]
[16.09.2026 08:44:42] <SISTEM> Alice a părăsit camera.
[16.09.2026 08:44:43] <SISTEM> Bob a părăsit camera.
[16.09.2026 08:44:52] <SISTEM> Bob s-a alăturat camerei.
[16.09.2026 08:44:52] <SISTEM> Alice s-a alăturat camerei.
[16.09.2026 08:44:52] <Alice> Salut Bob! Acesta este un test.
[16.09.2026 08:44:52] <Bob> [Răspuns către @Alice: "Salut Bob! Acesta este un test."] Salut Alice! Răspund la mesajul tău.
[16.09.2026 08:44:52] <Alice> [FIȘIER: test_upload_7113534233884861236.txt (73 B)]
[16.09.2026 08:44:52] <SISTEM> Alice a părăsit camera.
[16.09.2026 08:44:53] <SISTEM> Bob a părăsit camera.
