[30.09.2026 13:25:26] <SISTEM> Student_427 s-a alăturat camerei.
[30.09.2026 13:25:41] <SISTEM> Student_427 a părăsit camera.
[30.09.2026 13:25:59] <SISTEM> Student_427 s-a alăturat camerei.
[30.09.2026 13:26:00] <SISTEM> Student_427 a părăsit camera.
[30.09.2026 13:26:13] <SISTEM> Student_427 s-a alăturat camerei.
[30.09.2026 13:26:16] <SISTEM> Student_427 a părăsit camera.
[30.09.2026 13:26:27] <SISTEM> Student_905 s-a alăturat camerei.
[30.09.2026 13:26:27] <SISTEM> Student_905 a părăsit camera.
[30.09.2026 13:26:30] <SISTEM> Student_905 s-a alăturat camerei.
[30.09.2026 13:26:34] <SISTEM> Student_905 a părăsit camera.
[30.09.2026 13:27:12] <SISTEM> Student_427 s-a alăturat camerei.
[30.09.2026 13:27:15] <Student_427> s
[30.09.2026 13:27:16] <SISTEM> Student_905 s-a alăturat camerei.
[30.09.2026 13:27:17] <SISTEM> Student_905 a părăsit camera.
[30.09.2026 13:27:20] <SISTEM> Student_905 s-a alăturat camerei.
[30.09.2026 13:27:25] <Student_905> [FIȘIER: Lucrarea_de_laborator_nr_2_Normalizarea_relatiilor.docx (1.41 MB)]
[30.09.2026 13:28:08] <SISTEM> Student_427 a părăsit camera.
[30.09.2026 13:28:15] <SISTEM> Student_905 a părăsit camera.
[30.09.2026 13:29:10] <SISTEM> Student_634 s-a alăturat camerei.
[30.09.2026 13:29:11] <SISTEM> Student_634 a părăsit camera.
[30.09.2026 13:29:11] <SISTEM> Student_634 s-a alăturat camerei.
[30.09.2026 13:29:13] <Student_634> a
[30.09.2026 13:29:16] <SISTEM> Student_134 s-a alăturat camerei.
[30.09.2026 13:29:18] <Student_134> a
[30.09.2026 13:29:19] <SISTEM> Student_134 a părăsit camera.
[30.09.2026 13:29:22] <SISTEM> Student_634 a părăsit camera.
[30.09.2026 13:29:24] <SISTEM> Student_634 s-a alăturat camerei.
[30.09.2026 13:29:29] <SISTEM> Student_134 s-a alăturat camerei.
[30.09.2026 13:29:31] <SISTEM> Student_134 a părăsit camera.
[30.09.2026 13:29:33] <SISTEM> Student_134 s-a alăturat camerei.
[30.09.2026 13:29:34] <SISTEM> Student_134 a părăsit camera.
[30.09.2026 13:29:36] <SISTEM> Student_134 s-a alăturat camerei.
[30.09.2026 13:29:38] <SISTEM> Student_634 a părăsit camera.
[30.09.2026 13:29:43] <SISTEM> Student_634 s-a alăturat camerei.
[30.09.2026 13:29:52] <Student_634> [Răspuns către @Student_134: "a"] g
[30.09.2026 13:37:56] <SISTEM> Student_634 a părăsit camera.
