[15.09.2026 22:58:16] <SISTEM> Student_769 s-a alăturat camerei.
[15.09.2026 22:58:27] <Student_769> hi
[15.09.2026 22:58:52] <SISTEM> Student_769 a părăsit camera.
[15.09.2026 22:58:53] <SISTEM> Student_769 s-a alăturat camerei.
[15.09.2026 22:58:54] <SISTEM> Student_769 a părăsit camera.
[16.09.2026 08:40:39] <SISTEM> Alice s-a alăturat camerei.
[16.09.2026 08:40:39] <SISTEM> Bob s-a alăturat camerei.
[16.09.2026 08:40:38] <Alice> Salut Bob! Acesta este un test.
[16.09.2026 08:40:39] <Bob> [Răspuns către @Alice: "Salut Bob! Acesta este un test."] Salut Alice! Răspund la mesajul tău.
[16.09.2026 08:40:39] <Alice> [FIȘIER: test_upload_15912033971886095212.txt (73 B)]
[16.09.2026 08:40:39] <SISTEM> Alice a părăsit camera.
[16.09.2026 08:40:39] <SISTEM> Bob a părăsit camera.
[18.09.2026 11:46:41] <SISTEM> Student_621 s-a alăturat camerei.
[18.09.2026 11:46:48] <SISTEM> Student_344 s-a alăturat camerei.
[18.09.2026 11:47:34] <Student_621> [FIȘIER: desen.png (3.2 KB)]
[18.09.2026 11:47:57] <Student_344> [Răspuns către @Student_621: "[Fișier: desen.png]"] ertjghkj
[18.09.2026 11:48:21] <SISTEM> Alice s-a alăturat camerei.
[18.09.2026 11:48:21] <SISTEM> Bob s-a alăturat camerei.
[18.09.2026 11:48:21] <Alice> Salut Bob! Acesta este un test.
[18.09.2026 11:48:21] <Bob> [Răspuns către @Alice: "Salut Bob! Acesta este un test."] Salut Alice! Răspund la mesajul tău.
[18.09.2026 11:48:21] <Alice> [FIȘIER: test_upload_4950396522766007452.txt (73 B)]
[18.09.2026 11:48:21] <SISTEM> Alice a părăsit camera.
[18.09.2026 11:48:22] <SISTEM> Bob a părăsit camera.
[18.09.2026 11:48:33] <SISTEM> Student_344 a părăsit camera.
[18.09.2026 11:48:39] <SISTEM> Student_344 s-a alăturat camerei.
[18.09.2026 11:48:39] <SISTEM> Student_344 a părăsit camera.
[18.09.2026 11:50:04] <SISTEM> Student_621 a părăsit camera.
[18.09.2026 11:50:21] <SISTEM> Student_621 s-a alăturat camerei.
[18.09.2026 11:50:23] <SISTEM> Student_344 s-a alăturat camerei.
[18.09.2026 11:50:25] <SISTEM> Student_621 a părăsit camera.
[18.09.2026 11:50:27] <SISTEM> Student_621 s-a alăturat camerei.
[18.09.2026 11:50:39] <Student_344> Salut Alice! Răspund la mesajul tău.
[18.09.2026 12:14:44] <SISTEM> Student_344 a părăsit camera.
[18.09.2026 12:14:44] <SISTEM> Student_621 a părăsit camera.
[18.09.2026 12:15:09] <SISTEM> Student_621 s-a alăturat camerei.
[18.09.2026 12:15:12] <SISTEM> Student_621 a părăsit camera.
[18.09.2026 12:15:17] <SISTEM> Student_621 s-a alăturat camerei.
[18.09.2026 12:15:29] <SISTEM> Student_344 s-a alăturat camerei.
[18.09.2026 12:15:33] <SISTEM> Student_344 a părăsit camera.
[18.09.2026 12:15:33] <SISTEM> Student_621 a părăsit camera.
[18.09.2026 12:15:46] <SISTEM> Student_344 s-a alăturat camerei.
[18.09.2026 12:15:48] <SISTEM> Student_621 s-a alăturat camerei.
[23.09.2026 12:20:01] <SISTEM> Student_478 s-a alăturat camerei.
[23.09.2026 12:20:02] <SISTEM> Student_224 s-a alăturat camerei.
[23.09.2026 12:20:39] <SISTEM> Bob s-a alăturat camerei.
[23.09.2026 12:20:39] <SISTEM> Alice s-a alăturat camerei.
[23.09.2026 12:20:39] <Alice> Salut Bob! Acesta este un test.
[23.09.2026 12:20:39] <Bob> [Răspuns către @Alice: "Salut Bob! Acesta este un test."] Salut Alice! Răspund la mesajul tău.
[23.09.2026 12:20:39] <Alice> [FIȘIER: test_upload_4365207234762810359.txt (73 B)]
[23.09.2026 12:20:39] <SISTEM> Alice a părăsit camera.
[23.09.2026 12:20:40] <SISTEM> Bob a părăsit camera.
[23.09.2026 12:23:10] <Student_478> hi
[23.09.2026 12:23:13] <Student_224> hi
[23.09.2026 12:23:20] <Student_478> how a u
[23.09.2026 12:23:54] <SISTEM> Student_478 a părăsit camera.
[23.09.2026 12:23:56] <SISTEM> Student_478 s-a alăturat camerei.
[23.09.2026 12:23:56] <SISTEM> Student_478 a părăsit camera.
[23.09.2026 12:23:59] <SISTEM> Student_478 s-a alăturat camerei.
[23.09.2026 12:27:55] <SISTEM> Student_478 a părăsit camera.
[23.09.2026 12:27:56] <SISTEM> Student_224 a părăsit camera.
[30.09.2026 13:25:07] <SISTEM> Student_427 s-a alăturat camerei.
[30.09.2026 13:25:10] <SISTEM> Student_905 s-a alăturat camerei.
[30.09.2026 13:25:15] <Student_905> salut
[30.09.2026 13:25:19] <Student_427> salut
[30.09.2026 13:25:21] <SISTEM> Student_427 a părăsit camera.
[30.09.2026 13:25:23] <SISTEM> Student_427 s-a alăturat camerei.
[30.09.2026 13:25:26] <SISTEM> Student_427 a părăsit camera.
[30.09.2026 13:25:37] <Student_905> [Răspuns către @Student_427: "salut"] ce faci
[30.09.2026 13:25:41] <SISTEM> Student_427 s-a alăturat camerei.
[30.09.2026 13:25:46] <SISTEM> Student_427 a părăsit camera.
[30.09.2026 13:25:48] <SISTEM> Student_427 s-a alăturat camerei.
[30.09.2026 13:25:55] <Student_905> ce faci
[30.09.2026 13:25:59] <SISTEM> Student_427 a părăsit camera.
[30.09.2026 13:26:00] <SISTEM> Student_427 s-a alăturat camerei.
[30.09.2026 13:26:08] <Student_427> sal
[30.09.2026 13:26:13] <SISTEM> Student_427 a părăsit camera.
[30.09.2026 13:26:16] <SISTEM> Student_427 s-a alăturat camerei.
[30.09.2026 13:26:16] <SISTEM> Student_427 a părăsit camera.
[30.09.2026 13:26:17] <SISTEM> Student_427 s-a alăturat camerei.
[30.09.2026 13:26:18] <SISTEM> Student_427 a părăsit camera.
[30.09.2026 13:26:20] <SISTEM> Student_427 s-a alăturat camerei.
[30.09.2026 13:26:27] <SISTEM> Student_905 a părăsit camera.
[30.09.2026 13:26:28] <SISTEM> Student_905 s-a alăturat camerei.
[30.09.2026 13:26:30] <SISTEM> Student_905 a părăsit camera.
[30.09.2026 13:26:36] <SISTEM> Student_905 s-a alăturat camerei.
[30.09.2026 13:26:39] <SISTEM> Student_905 a părăsit camera.
[30.09.2026 13:26:51] <SISTEM> Student_905 s-a alăturat camerei.
[30.09.2026 13:26:53] <SISTEM> Student_427 a părăsit camera.
[30.09.2026 13:26:55] <SISTEM> Student_427 s-a alăturat camerei.
[30.09.2026 13:27:03] <Student_905> a
[30.09.2026 13:27:07] <Student_905> a
[30.09.2026 13:27:11] <Student_905> b
[30.09.2026 13:27:12] <SISTEM> Student_427 a părăsit camera.
[30.09.2026 13:27:16] <SISTEM> Student_905 a părăsit camera.
[30.09.2026 13:27:17] <SISTEM> Student_905 s-a alăturat camerei.
[30.09.2026 13:27:18] <SISTEM> Student_905 a părăsit camera.
[30.09.2026 13:28:08] <SISTEM> Student_427 s-a alăturat camerei.
[30.09.2026 13:28:13] <SISTEM> Student_427 a părăsit camera.
[30.09.2026 13:28:36] <SISTEM> Student_634 s-a alăturat camerei.
[30.09.2026 13:28:37] <SISTEM> Student_134 s-a alăturat camerei.
[30.09.2026 13:28:38] <SISTEM> Student_134 a părăsit camera.
[30.09.2026 13:28:39] <SISTEM> Student_134 s-a alăturat camerei.
[30.09.2026 13:28:46] <Student_634> a
[30.09.2026 13:28:49] <SISTEM> Student_634 a părăsit camera.
[30.09.2026 13:28:49] <SISTEM> Student_634 s-a alăturat camerei.
[30.09.2026 13:28:50] <SISTEM> Student_634 a părăsit camera.
[30.09.2026 13:28:54] <SISTEM> Student_134 a părăsit camera.
[30.09.2026 13:28:55] <SISTEM> Student_134 s-a alăturat camerei.
[30.09.2026 13:28:55] <SISTEM> Student_134 a părăsit camera.
[30.09.2026 13:28:55] <SISTEM> Student_134 s-a alăturat camerei.
[30.09.2026 13:28:56] <SISTEM> Student_134 a părăsit camera.
[30.09.2026 13:29:03] <SISTEM> Student_634 s-a alăturat camerei.
[30.09.2026 13:29:03] <SISTEM> Student_634 a părăsit camera.
[30.09.2026 13:29:04] <SISTEM> Student_634 s-a alăturat camerei.
[30.09.2026 13:29:04] <SISTEM> Student_634 a părăsit camera.
[30.09.2026 13:29:06] <SISTEM> Student_634 s-a alăturat camerei.
[30.09.2026 13:29:07] <SISTEM> Student_634 a părăsit camera.
[30.09.2026 13:29:34] <SISTEM> Student_134 s-a alăturat camerei.
[30.09.2026 13:29:36] <SISTEM> Student_134 a părăsit camera.
[30.09.2026 13:29:38] <SISTEM> Student_634 s-a alăturat camerei.
[30.09.2026 13:29:39] <SISTEM> Student_634 a părăsit camera.
[30.09.2026 13:36:48] <SISTEM> Alice s-a alăturat camerei.
[30.09.2026 13:36:48] <SISTEM> Bob s-a alăturat camerei.
[30.09.2026 13:36:48] <Alice> Salut Bob! Acesta este un test.
[30.09.2026 13:36:48] <Bob> [Răspuns către @Alice: "Salut Bob! Acesta este un test."] Salut Alice! Răspund la mesajul tău.
[30.09.2026 13:36:48] <Alice> [FIȘIER: test_upload_7474470755837050013.txt (73 B)]
[30.09.2026 13:36:48] <SISTEM> Alice a părăsit camera.
[30.09.2026 13:36:49] <SISTEM> Bob a părăsit camera.
[30.09.2026 13:38:00] <SISTEM> Student_634 s-a alăturat camerei.
[30.09.2026 13:38:00] <SISTEM> Student_634 a părăsit camera.
[30.09.2026 13:47:32] <SISTEM> Student_634 s-a alăturat camerei.
[30.09.2026 13:47:33] <SISTEM> Student_634 a părăsit camera.
[30.09.2026 13:47:51] <SISTEM> Student_134 s-a alăturat camerei.
[30.09.2026 13:47:52] <SISTEM> Student_634 s-a alăturat camerei.
[30.09.2026 13:47:54] <SISTEM> Student_634 a părăsit camera.
[30.09.2026 13:47:57] <SISTEM> Student_134 a părăsit camera.
[30.09.2026 13:48:13] <SISTEM> Bob s-a alăturat camerei.
[30.09.2026 13:48:13] <SISTEM> Alice s-a alăturat camerei.
[30.09.2026 13:48:13] <Alice> Salut Bob! Acesta este un test.
[30.09.2026 13:48:13] <Bob> [Răspuns către @Alice: "Salut Bob! Acesta este un test."] Salut Alice! Răspund la mesajul tău.
[30.09.2026 13:48:13] <Alice> [FIȘIER: test_upload_16505086413827442186.txt (73 B)]
[30.09.2026 13:48:13] <SISTEM> Alice a părăsit camera.
[30.09.2026 13:48:27] <SISTEM> Student_745 s-a alăturat camerei.
[30.09.2026 13:48:28] <SISTEM> Student_729 s-a alăturat camerei.
[30.09.2026 13:48:31] <SISTEM> Alice s-a alăturat camerei.
[30.09.2026 13:48:31] <SISTEM> Bob s-a alăturat camerei.
[30.09.2026 13:48:31] <Alice> Salut Bob! Acesta este un test.
[30.09.2026 13:48:31] <Bob> [Răspuns către @Alice: "Salut Bob! Acesta este un test."] Salut Alice! Răspund la mesajul tău.
[30.09.2026 13:48:31] <Alice> [FIȘIER: test_upload_629101086891993365.txt (73 B)]
[30.09.2026 13:48:32] <SISTEM> Alice a părăsit camera.
[30.09.2026 13:48:32] <SISTEM> Bob a părăsit camera.
[30.09.2026 13:48:34] <Student_729> a
[30.09.2026 13:48:47] <Student_729> a
[30.09.2026 13:48:50] <Student_729> sak
[30.09.2026 13:48:53] <SISTEM> Bob s-a alăturat camerei.
[30.09.2026 13:48:53] <SISTEM> Alice s-a alăturat camerei.
[30.09.2026 13:48:53] <Alice> Salut Bob! Acesta este un test.
[30.09.2026 13:48:53] <Bob> [Răspuns către @Alice: "Salut Bob! Acesta este un test."] Salut Alice! Răspund la mesajul tău.
[30.09.2026 13:48:53] <Alice> [FIȘIER: test_upload_12824983066600523894.txt (73 B)]
[30.09.2026 13:48:53] <SISTEM> Alice a părăsit camera.
[30.09.2026 13:48:54] <SISTEM> Bob a părăsit camera.
[30.09.2026 13:48:55] <Student_745> [Răspuns către @Student_729: "sak"] salut
[30.09.2026 13:48:55] <SISTEM> Alice s-a alăturat camerei.
[30.09.2026 13:48:55] <SISTEM> Alice a părăsit camera.
[30.09.2026 13:48:58] <Student_745> [FIȘIER: Lucrarea_de_laborator_nr_2_Normalizarea_relatiilor.docx (1.41 MB)]
[30.09.2026 13:49:11] <SISTEM> Bob s-a alăturat camerei.
[30.09.2026 13:49:11] <SISTEM> Alice s-a alăturat camerei.
[30.09.2026 13:49:11] <Alice> Salut Bob! Acesta este un test.
[30.09.2026 13:49:11] <Bob> [Răspuns către @Alice: "Salut Bob! Acesta este un test."] Salut Alice! Răspund la mesajul tău.
[30.09.2026 13:49:11] <Alice> [FIȘIER: test_upload_1537685185377324524.txt (73 B)]
[30.09.2026 13:49:11] <SISTEM> Alice a părăsit camera.
[30.09.2026 13:49:12] <SISTEM> Bob a părăsit camera.
[30.09.2026 13:49:13] <SISTEM> Alice s-a alăturat camerei.
[30.09.2026 13:49:13] <SISTEM> Alice a părăsit camera.
[30.09.2026 13:49:24] <SISTEM> Bob s-a alăturat camerei.
[30.09.2026 13:49:24] <SISTEM> Alice s-a alăturat camerei.
[30.09.2026 13:49:24] <Alice> Salut Bob! Acesta este un test.
[30.09.2026 13:49:24] <Bob> [Răspuns către @Alice: "Salut Bob! Acesta este un test."] Salut Alice! Răspund la mesajul tău.
[30.09.2026 13:49:24] <Alice> [FIȘIER: test_upload_11224606687934279964.txt (73 B)]
[30.09.2026 13:49:24] <SISTEM> Alice a părăsit camera.
[30.09.2026 13:49:25] <SISTEM> Bob a părăsit camera.
[30.09.2026 13:49:26] <SISTEM> Alice s-a alăturat camerei.
[30.09.2026 13:49:26] <SISTEM> Alice a părăsit camera.
[30.09.2026 13:49:46] <SISTEM> Student_745 a părăsit camera.
[30.09.2026 13:51:15] <SISTEM> Student_245 s-a alăturat camerei.
[30.09.2026 13:51:22] <SISTEM> Student_745 s-a alăturat camerei.
[30.09.2026 13:55:27] <SISTEM> Student_245 a părăsit camera.
[30.09.2026 13:55:27] <SISTEM> Student_745 a părăsit camera.
[30.09.2026 13:55:50] <SISTEM> Student_589 s-a alăturat camerei.
[30.09.2026 13:55:52] <SISTEM> Student_208 s-a alăturat camerei.
[30.09.2026 13:55:56] <Student_589> salut
[30.09.2026 13:55:59] <Student_208> [Răspuns către @Student_589: "salut"] salut
[30.09.2026 13:58:50] <SISTEM> Student_589 a părăsit camera.
[30.09.2026 13:58:51] <SISTEM> Student_208 a părăsit camera.
